// Jest Snapshot v1, https://goo.gl/fbAQLP

exports[`renders correctly 1`] = `
<div
  className={undefined}
>
  <div
    className="card"
    tabIndex="1"
  >
    <div
      className="card-header"
    >
      <span
        className="card-header-title"
      >
        <div
          className={undefined}
        >
          <div
            className={undefined}
          >
            <h3>
              dlvr
            </h3>
             
            <span
              className={undefined}
            >
              (
              4.0.5
              )
            </span>
            <br />
            <a
              className={undefined}
              onClick={[Function]}
            >
              freakzero
               &lt;
              pete@freakzero.com
              &gt;
            </a>
          </div>
          <div
            className={undefined}
          >
            <span
              className={undefined}
            >
              <span
                className={undefined}
              />
            </span>
          </div>
        </div>
      </span>
    </div>
    <div
      className="card-content"
    >
      <div
        className="content"
      >
        <div
          className={undefined}
        >
          <div>
            <p>
              DeLiVeR - Command Line Tool to automate releasing processes on GitHub/GitLab/npm
            </p>
          </div>
        </div>
        <div
          className={undefined}
        >
          <div>
            <p>
              Quality
            </p>
            <h4
              style={
                Object {
                  "color": "#77ab59",
                }
              }
            >
              93
              %
            </h4>
            <svg
              className="rc-progress-circle "
              style={Object {}}
              viewBox="0 0 100 100"
            >
              <path
                className="rc-progress-circle-trail"
                d="M 50,50 m 0,-45
                   a 45,45 0 1 1 0,90
                   a 45,45 0 1 1 0,-90"
                fillOpacity="0"
                stroke="#D9D9D9"
                strokeWidth={1}
                style={
                  Object {
                    "strokeDasharray": "282.7433388230814px 282.7433388230814px",
                    "strokeDashoffset": "-0px",
                    "transition": "stroke-dashoffset .3s ease 0s, stroke-dasharray .3s ease 0s, stroke .3s",
                  }
                }
              />
              <path
                className="rc-progress-circle-path"
                d="M 50,50 m 0,-45
                   a 45,45 0 1 1 0,90
                   a 45,45 0 1 1 0,-90"
                fillOpacity="0"
                stroke="#77ab59"
                strokeLinecap="butt"
                strokeWidth="10"
                style={
                  Object {
                    "strokeDasharray": "262.9513051054657px 282.7433388230814px",
                    "strokeDashoffset": "-0px",
                    "transition": "stroke-dashoffset .3s ease 0s, stroke-dasharray .3s ease 0s, stroke .3s, stroke-width .06s ease .3s",
                  }
                }
              />
            </svg>
          </div>
          <div>
            <p>
              Maintenance
            </p>
            <h4
              style={
                Object {
                  "color": "#77ab59",
                }
              }
            >
              99
              %
            </h4>
            <svg
              className="rc-progress-circle "
              style={Object {}}
              viewBox="0 0 100 100"
            >
              <path
                className="rc-progress-circle-trail"
                d="M 50,50 m 0,-45
                   a 45,45 0 1 1 0,90
                   a 45,45 0 1 1 0,-90"
                fillOpacity="0"
                stroke="#D9D9D9"
                strokeWidth={1}
                style={
                  Object {
                    "strokeDasharray": "282.7433388230814px 282.7433388230814px",
                    "strokeDashoffset": "-0px",
                    "transition": "stroke-dashoffset .3s ease 0s, stroke-dasharray .3s ease 0s, stroke .3s",
                  }
                }
              />
              <path
                className="rc-progress-circle-path"
                d="M 50,50 m 0,-45
                   a 45,45 0 1 1 0,90
                   a 45,45 0 1 1 0,-90"
                fillOpacity="0"
                stroke="#77ab59"
                strokeLinecap="butt"
                strokeWidth="10"
                style={
                  Object {
                    "strokeDasharray": "279.9159054348506px 282.7433388230814px",
                    "strokeDashoffset": "-0px",
                    "transition": "stroke-dashoffset .3s ease 0s, stroke-dasharray .3s ease 0s, stroke .3s, stroke-width .06s ease .3s",
                  }
                }
              />
            </svg>
          </div>
          <div>
            <p>
              Popularity
            </p>
            <h4
              style={
                Object {
                  "color": "#d41243",
                }
              }
            >
              6
              %
            </h4>
            <svg
              className="rc-progress-circle "
              style={Object {}}
              viewBox="0 0 100 100"
            >
              <path
                className="rc-progress-circle-trail"
                d="M 50,50 m 0,-45
                   a 45,45 0 1 1 0,90
                   a 45,45 0 1 1 0,-90"
                fillOpacity="0"
                stroke="#D9D9D9"
                strokeWidth={1}
                style={
                  Object {
                    "strokeDasharray": "282.7433388230814px 282.7433388230814px",
                    "strokeDashoffset": "-0px",
                    "transition": "stroke-dashoffset .3s ease 0s, stroke-dasharray .3s ease 0s, stroke .3s",
                  }
                }
              />
              <path
                className="rc-progress-circle-path"
                d="M 50,50 m 0,-45
                   a 45,45 0 1 1 0,90
                   a 45,45 0 1 1 0,-90"
                fillOpacity="0"
                stroke="#d41243"
                strokeLinecap="butt"
                strokeWidth="10"
                style={
                  Object {
                    "strokeDasharray": "16.964600329384883px 282.7433388230814px",
                    "strokeDashoffset": "-0px",
                    "transition": "stroke-dashoffset .3s ease 0s, stroke-dasharray .3s ease 0s, stroke .3s, stroke-width .06s ease .3s",
                  }
                }
              />
            </svg>
          </div>
        </div>
        <div
          className={undefined}
        >
          <span
            className="tag"
          >
            <img
              className={undefined}
              src="tag.png"
            />
             
            npm
          </span>
          <span
            className="tag"
          >
            <img
              className={undefined}
              src="tag.png"
            />
             
            release
          </span>
          <span
            className="tag"
          >
            <img
              className={undefined}
              src="tag.png"
            />
             
            changelog
          </span>
          <span
            className="tag"
          >
            <img
              className={undefined}
              src="tag.png"
            />
             
            cli
          </span>
          <span
            className="tag"
          >
            <img
              className={undefined}
              src="tag.png"
            />
             
            gitlab
          </span>
          <span
            className="tag"
          >
            <img
              className={undefined}
              src="tag.png"
            />
             
            management
          </span>
        </div>
      </div>
    </div>
    <footer
      className="card-footer"
    >
      <div
        className="undefined card-footer-item"
        onClick={[Function]}
        onKeyDown={[Function]}
        onSelect={[Function]}
        tabIndex={0}
      >
        <a>
          npm
        </a>
      </div>
      <div
        className="undefined card-footer-item"
        onClick={[Function]}
        onKeyDown={[Function]}
        onSelect={[Function]}
        tabIndex={0}
      >
        <a>
          homepage
        </a>
      </div>
      <div
        className="undefined card-footer-item"
        onClick={[Function]}
        onKeyDown={[Function]}
        onSelect={[Function]}
        tabIndex={0}
      >
        <a>
          repository
        </a>
      </div>
      <div
        className="undefined card-footer-item"
        onClick={[Function]}
        onKeyDown={[Function]}
        onSelect={[Function]}
        tabIndex={0}
      >
        <a>
          bugs
        </a>
      </div>
    </footer>
  </div>
</div>
`;
